// Jest Snapshot v1, https://goo.gl/fbAQLP

exports[`it renders correctly 1`] = `
<div>
  <div
    class="loading-spinner"
  >
    <img
      class="ui image"
      src="pokeball.svg"
    />
    <p>
      Loading...
    </p>
  </div>
</div>
`;
